2026-09-03 16:43:35,615 [INFO] Scheduler started.
2026-09-03 16:43:35,616 [INFO] Running job: scrape_ebay
2026-09-03 16:43:35,622 [ERROR] Job scrape_ebay failed: No module named 'scheduler.jobs.scrape_ebay'
2026-09-03 16:43:35,623 [INFO] Completed job: scrape_ebay
2026-09-03 16:43:35,623 [INFO] Running job: scrape_kijiji
2026-09-03 16:43:35,626 [INFO] Completed job: scrape_kijiji
2026-09-03 16:43:35,626 [INFO] Running job: scrape_facebook
2026-09-03 16:43:35,628 [INFO] Completed job: scrape_facebook
2026-09-03 16:43:35,628 [INFO] Running job: scrape_craigslist
2026-09-03 16:43:35,631 [INFO] Completed job: scrape_craigslist
2026-09-03 16:43:35,631 [INFO] Running job: scrape_autotrader
2026-09-03 16:43:35,634 [INFO] Completed job: scrape_autotrader
2026-09-03 16:43:35,634 [INFO] Running job: scrape_realtor
2026-09-03 16:43:35,637 [INFO] Completed job: scrape_realtor
2026-09-03 16:43:35,637 [INFO] Running job: scrape_rentals
2026-09-03 16:43:35,641 [INFO] Completed job: scrape_rentals
2026-09-03 16:43:35,641 [INFO] Running job: scrape_zillow
2026-09-03 16:43:35,645 [INFO] Completed job: scrape_zillow
2026-09-03 16:43:35,645 [INFO] Running job: scrape_usedca
2026-09-03 16:43:35,648 [INFO] Completed job: scrape_usedca
2026-09-03 16:43:35,649 [INFO] Running job: scrape_rentfaster
2026-09-03 16:43:35,652 [INFO] Completed job: scrape_rentfaster
2026-09-03 16:43:35,652 [INFO] Running job: heartbeat
2026-09-03 16:43:35,653 [ERROR] Job heartbeat failed: No module named 'scheduler.jobs.heartbeat'
2026-09-03 16:43:35,653 [INFO] Completed job: heartbeat
2026-09-03 16:43:35,653 [INFO] Running job: watchdog
2026-09-03 16:43:35,653 [ERROR] Job watchdog failed: No module named 'scheduler.jobs.watchdog'
2026-09-03 16:43:35,653 [INFO] Completed job: watchdog
